\BOOKMARK [1][-]{section.1}{\376\377\000R\000u\000s\000t\000\040\000B\000a\000s\000i\000c\000s}{}% 1
\BOOKMARK [2][-]{subsection.1.1}{\376\377\000I\000n\000s\000t\000a\000l\000l\000i\000n\000g\000\040\000R\000u\000s\000t}{section.1}% 2
\BOOKMARK [2][-]{subsection.1.2}{\376\377\000C\000a\000r\000g\000o\000\040\000B\000a\000s\000i\000c\000s}{section.1}% 3
\BOOKMARK [2][-]{subsection.1.3}{\376\377\000B\000a\000s\000i\000c\000\040\000S\000e\000t\000u\000p}{section.1}% 4
\BOOKMARK [2][-]{subsection.1.4}{\376\377\000I\000n\000c\000l\000u\000d\000i\000n\000g\000\040\000L\000i\000b\000r\000a\000r\000i\000e\000s}{section.1}% 5
\BOOKMARK [2][-]{subsection.1.5}{\376\377\000V\000a\000r\000i\000a\000b\000l\000e\000\040\000D\000e\000c\000l\000a\000r\000a\000t\000i\000o\000n\000s}{section.1}% 6
\BOOKMARK [2][-]{subsection.1.6}{\376\377\000U\000s\000e\000r\000\040\000I\000n\000p\000u\000t}{section.1}% 7
\BOOKMARK [1][-]{section.2}{\376\377\000V\000a\000r\000i\000a\000b\000l\000e\000s\000\040\000a\000n\000d\000\040\000T\000y\000p\000i\000n\000g}{}% 8
\BOOKMARK [1][-]{section.3}{\376\377\000C\000o\000n\000t\000r\000o\000l\000\040\000F\000l\000o\000w}{}% 9
\BOOKMARK [2][-]{subsection.3.1}{\376\377\000L\000o\000o\000p}{section.3}% 10
\BOOKMARK [2][-]{subsection.3.2}{\376\377\000I\000f\000\040\000E\000x\000p\000r\000e\000s\000s\000i\000o\000n\000s}{section.3}% 11
\BOOKMARK [2][-]{subsection.3.3}{\376\377\000S\000c\000a\000l\000a\000r\000\040\000D\000a\000t\000a\000\040\000T\000y\000p\000e\000s}{section.3}% 12
\BOOKMARK [3][-]{subsubsection.3.3.1}{\376\377\000I\000n\000t\000e\000g\000e\000r\000s}{subsection.3.3}% 13
\BOOKMARK [3][-]{subsubsection.3.3.2}{\376\377\000F\000l\000o\000a\000t\000i\000n\000g\000\040\000P\000o\000i\000n\000t\000s}{subsection.3.3}% 14
\BOOKMARK [3][-]{subsubsection.3.3.3}{\376\377\000B\000o\000o\000l\000e\000a\000n\000s}{subsection.3.3}% 15
\BOOKMARK [3][-]{subsubsection.3.3.4}{\376\377\000C\000h\000a\000r\000s}{subsection.3.3}% 16
\BOOKMARK [2][-]{subsection.3.4}{\376\377\000C\000o\000m\000p\000o\000u\000n\000d\000\040\000T\000y\000p\000e\000s}{section.3}% 17
\BOOKMARK [3][-]{subsubsection.3.4.1}{\376\377\000T\000u\000p\000l\000e\000s}{subsection.3.4}% 18
\BOOKMARK [3][-]{subsubsection.3.4.2}{\376\377\000A\000r\000r\000a\000y\000s}{subsection.3.4}% 19
\BOOKMARK [1][-]{section.4}{\376\377\000F\000u\000n\000c\000t\000i\000o\000n\000s}{}% 20
\BOOKMARK [1][-]{section*.2}{\376\377\000I\000n\000d\000e\000x}{}% 21
